// Jest Snapshot v1, https://goo.gl/fbAQLP

exports[`AccountToolRegistry should register tools with correct annotations 1`] = `
[
  {
    "annotations": {
      "openWorldHint": true,
      "readOnlyHint": true,
    },
    "name": "list_accounts",
  },
  {
    "annotations": {
      "openWorldHint": true,
      "readOnlyHint": true,
    },
    "name": "get_account",
  },
]
`;
