// Jest Snapshot v1, https://goo.gl/fbAQLP

exports[`AnalysisToolRegistry should register tools with correct annotations 1`] = `
[
  {
    "annotations": {
      "openWorldHint": true,
      "readOnlyHint": true,
    },
    "name": "analyze_technical_indicators",
  },
  {
    "annotations": {
      "openWorldHint": true,
      "readOnlyHint": true,
    },
    "name": "analyze_technical_indicators_batch",
  },
]
`;
