// Jest Snapshot v1, https://goo.gl/fbAQLP

exports[`OrderToolRegistry should register tools with correct annotations 1`] = `
[
  {
    "annotations": {
      "openWorldHint": true,
      "readOnlyHint": true,
    },
    "name": "list_orders",
  },
  {
    "annotations": {
      "openWorldHint": true,
      "readOnlyHint": true,
    },
    "name": "get_order",
  },
  {
    "annotations": {
      "destructiveHint": true,
      "openWorldHint": true,
    },
    "name": "create_order",
  },
  {
    "annotations": {
      "destructiveHint": true,
      "openWorldHint": true,
    },
    "name": "cancel_orders",
  },
  {
    "annotations": {
      "openWorldHint": true,
      "readOnlyHint": true,
    },
    "name": "list_fills",
  },
  {
    "annotations": {
      "destructiveHint": true,
      "openWorldHint": true,
    },
    "name": "edit_order",
  },
  {
    "annotations": {
      "openWorldHint": true,
      "readOnlyHint": true,
    },
    "name": "preview_edit_order",
  },
  {
    "annotations": {
      "openWorldHint": true,
      "readOnlyHint": true,
    },
    "name": "preview_order",
  },
  {
    "annotations": {
      "destructiveHint": true,
      "openWorldHint": true,
    },
    "name": "close_position",
  },
]
`;
