// Jest Snapshot v1, https://goo.gl/fbAQLP

exports[`PerpetualsToolRegistry should register tools with correct annotations 1`] = `
[
  {
    "annotations": {
      "openWorldHint": true,
      "readOnlyHint": true,
    },
    "name": "list_perpetuals_positions",
  },
  {
    "annotations": {
      "openWorldHint": true,
      "readOnlyHint": true,
    },
    "name": "get_perpetuals_position",
  },
  {
    "annotations": {
      "openWorldHint": true,
      "readOnlyHint": true,
    },
    "name": "get_perpetuals_portfolio_summary",
  },
  {
    "annotations": {
      "openWorldHint": true,
      "readOnlyHint": true,
    },
    "name": "get_perpetuals_portfolio_balance",
  },
]
`;
