// Jest Snapshot v1, https://goo.gl/fbAQLP

exports[`PortfolioToolRegistry should register tools with correct annotations 1`] = `
[
  {
    "annotations": {
      "openWorldHint": true,
      "readOnlyHint": true,
    },
    "name": "list_portfolios",
  },
  {
    "annotations": {
      "destructiveHint": true,
      "openWorldHint": true,
    },
    "name": "create_portfolio",
  },
  {
    "annotations": {
      "openWorldHint": true,
      "readOnlyHint": true,
    },
    "name": "get_portfolio",
  },
  {
    "annotations": {
      "destructiveHint": true,
      "openWorldHint": true,
    },
    "name": "move_portfolio_funds",
  },
  {
    "annotations": {
      "destructiveHint": true,
      "openWorldHint": true,
    },
    "name": "edit_portfolio",
  },
  {
    "annotations": {
      "destructiveHint": true,
      "openWorldHint": true,
    },
    "name": "delete_portfolio",
  },
]
`;
