// Jest Snapshot v1, https://goo.gl/fbAQLP

exports[`ProductToolRegistry should register tools with correct annotations 1`] = `
[
  {
    "annotations": {
      "openWorldHint": true,
      "readOnlyHint": true,
    },
    "name": "list_products",
  },
  {
    "annotations": {
      "openWorldHint": true,
      "readOnlyHint": true,
    },
    "name": "get_product",
  },
  {
    "annotations": {
      "openWorldHint": true,
      "readOnlyHint": true,
    },
    "name": "get_product_book",
  },
  {
    "annotations": {
      "openWorldHint": true,
      "readOnlyHint": true,
    },
    "name": "get_product_candles",
  },
  {
    "annotations": {
      "openWorldHint": true,
      "readOnlyHint": true,
    },
    "name": "get_product_candles_batch",
  },
  {
    "annotations": {
      "openWorldHint": true,
      "readOnlyHint": true,
    },
    "name": "get_market_trades",
  },
  {
    "annotations": {
      "openWorldHint": true,
      "readOnlyHint": true,
    },
    "name": "get_best_bid_ask",
  },
  {
    "annotations": {
      "openWorldHint": true,
      "readOnlyHint": true,
    },
    "name": "get_market_snapshot",
  },
]
`;
